Traceback (most recent call last):
  File "/opt/miniconda3/envs/miniml/lib/python3.9/site-packages/jupyter_core/utils/__init__.py", line 154, in wrapped
    asyncio.get_running_loop()
RuntimeError: no running event loop

During handling of the above exception, another exception occurred:

Traceback (most recent call last):
  File "/opt/miniconda3/envs/miniml/lib/python3.9/site-packages/jupyter_cache/executors/utils.py", line 58, in single_nb_execution
    executenb(
  File "/opt/miniconda3/envs/miniml/lib/python3.9/site-packages/nbclient/client.py", line 1319, in execute
    return NotebookClient(nb=nb, resources=resources, km=km, **kwargs).execute()
  File "/opt/miniconda3/envs/miniml/lib/python3.9/site-packages/jupyter_core/utils/__init__.py", line 158, in wrapped
    return loop.run_until_complete(inner)
  File "/opt/miniconda3/envs/miniml/lib/python3.9/asyncio/base_events.py", line 647, in run_until_complete
    return future.result()
  File "/opt/miniconda3/envs/miniml/lib/python3.9/site-packages/nbclient/client.py", line 709, in async_execute
    await self.async_execute_cell(
  File "/opt/miniconda3/envs/miniml/lib/python3.9/site-packages/nbclient/client.py", line 1062, in async_execute_cell
    await self._check_raise_for_error(cell, cell_index, exec_reply)
  File "/opt/miniconda3/envs/miniml/lib/python3.9/site-packages/nbclient/client.py", line 918, in _check_raise_for_error
    raise CellExecutionError.from_cell_and_msg(cell, exec_reply_content)
nbclient.exceptions.CellExecutionError: An error occurred while executing the following cell:
------------------
model = '../../models/transfer_learning/GC_mEPSP/lstm_transfer.h5'
win_size = 3000
threshold = 0.5
event_direction = 'positive'
training_direction = 'negative'

detection = EventDetection(data=trace,
                           model_path=model,
                           window_size=win_size,
                           model_threshold=threshold,
                           batch_size=512,
                           event_direction=event_direction,
                           training_direction=training_direction,
                           compile_model=True,
                           verbose=2)
------------------


[0;31m---------------------------------------------------------------------------[0m
[0;31mFileNotFoundError[0m                         Traceback (most recent call last)
Cell [0;32mIn[4], line 7[0m
[1;32m      4[0m event_direction [38;5;241m=[39m [38;5;124m'[39m[38;5;124mpositive[39m[38;5;124m'[39m
[1;32m      5[0m training_direction [38;5;241m=[39m [38;5;124m'[39m[38;5;124mnegative[39m[38;5;124m'[39m
[0;32m----> 7[0m detection [38;5;241m=[39m [43mEventDetection[49m[43m([49m[43mdata[49m[38;5;241;43m=[39;49m[43mtrace[49m[43m,[49m
[1;32m      8[0m [43m                           [49m[43mmodel_path[49m[38;5;241;43m=[39;49m[43mmodel[49m[43m,[49m
[1;32m      9[0m [43m                           [49m[43mwindow_size[49m[38;5;241;43m=[39;49m[43mwin_size[49m[43m,[49m
[1;32m     10[0m [43m                           [49m[43mmodel_threshold[49m[38;5;241;43m=[39;49m[43mthreshold[49m[43m,[49m
[1;32m     11[0m [43m                           [49m[43mbatch_size[49m[38;5;241;43m=[39;49m[38;5;241;43m512[39;49m[43m,[49m
[1;32m     12[0m [43m                           [49m[43mevent_direction[49m[38;5;241;43m=[39;49m[43mevent_direction[49m[43m,[49m
[1;32m     13[0m [43m                           [49m[43mtraining_direction[49m[38;5;241;43m=[39;49m[43mtraining_direction[49m[43m,[49m
[1;32m     14[0m [43m                           [49m[43mcompile_model[49m[38;5;241;43m=[39;49m[38;5;28;43;01mTrue[39;49;00m[43m,[49m
[1;32m     15[0m [43m                           [49m[43mverbose[49m[38;5;241;43m=[39;49m[38;5;241;43m2[39;49m[43m)[49m

File [0;32m/opt/miniconda3/envs/miniml/lib/python3.9/site-packages/miniml/miniML.py:621[0m, in [0;36mEventDetection.__init__[0;34m(self, data, window_size, event_direction, training_direction, verbose, batch_size, model, model_path, model_threshold, compile_model, callbacks)[0m
[1;32m    619[0m     [38;5;28mself[39m[38;5;241m.[39mcallbacks [38;5;241m=[39m callbacks
[1;32m    620[0m [38;5;28;01melif[39;00m model_path:
[0;32m--> 621[0m     [38;5;28;43mself[39;49m[38;5;241;43m.[39;49m[43mload_model[49m[43m([49m[43mfilepath[49m[38;5;241;43m=[39;49m[43mmodel_path[49m[43m,[49m[43m [49m[43mthreshold[49m[38;5;241;43m=[39;49m[43mmodel_threshold[49m[43m,[49m[43m [49m[38;5;28;43mcompile[39;49m[38;5;241;43m=[39;49m[43mcompile_model[49m[43m)[49m
[1;32m    622[0m     [38;5;28mself[39m[38;5;241m.[39mcallbacks [38;5;241m=[39m callbacks
[1;32m    623[0m [38;5;28mself[39m[38;5;241m.[39mdeleted_events [38;5;241m=[39m [38;5;241m0[39m

File [0;32m/opt/miniconda3/envs/miniml/lib/python3.9/site-packages/miniml/miniML.py:658[0m, in [0;36mEventDetection.load_model[0;34m(self, filepath, threshold, compile)[0m
[1;32m    656[0m [38;5;28;01mdef[39;00m[38;5;250m [39m[38;5;21mload_model[39m([38;5;28mself[39m, filepath: [38;5;28mstr[39m, threshold: [38;5;28mfloat[39m[38;5;241m=[39m[38;5;241m0.5[39m, [38;5;28mcompile[39m: [38;5;28mbool[39m[38;5;241m=[39m[38;5;28;01mTrue[39;00m) [38;5;241m-[39m[38;5;241m>[39m [38;5;28;01mNone[39;00m:
[1;32m    657[0m [38;5;250m    [39m[38;5;124;03m''' Loads a trained miniML model from hdf5 file '''[39;00m
[0;32m--> 658[0m     [38;5;28;01mif[39;00m [38;5;129;01mnot[39;00m [43mis_keras_model[49m[43m([49m[43mfilepath[49m[43m)[49m:
[1;32m    659[0m         [38;5;28;01mraise[39;00m [38;5;167;01mValueError[39;00m([38;5;124m'[39m[38;5;124mModel file is not a valid Keras model[39m[38;5;124m'[39m)
[1;32m    660[0m     [38;5;28mself[39m[38;5;241m.[39mmodel [38;5;241m=[39m tf[38;5;241m.[39mkeras[38;5;241m.[39mmodels[38;5;241m.[39mload_model(filepath, [38;5;28mcompile[39m[38;5;241m=[39m[38;5;28mcompile[39m)

File [0;32m/opt/miniconda3/envs/miniml/lib/python3.9/site-packages/miniml/miniML.py:67[0m, in [0;36mis_keras_model[0;34m(filepath)[0m
[1;32m     63[0m [38;5;28;01mdef[39;00m[38;5;250m [39m[38;5;21mis_keras_model[39m(filepath: [38;5;28mstr[39m) [38;5;241m-[39m[38;5;241m>[39m [38;5;28mbool[39m:
[1;32m     64[0m [38;5;250m    [39m[38;5;124;03m"""[39;00m
[1;32m     65[0m [38;5;124;03m    Checks if a given HDF5 contains a keras model.[39;00m
[1;32m     66[0m [38;5;124;03m    """[39;00m
[0;32m---> 67[0m     [38;5;28;01mwith[39;00m [43mh5py[49m[38;5;241;43m.[39;49m[43mFile[49m[43m([49m[43mfilepath[49m[43m,[49m[43m [49m[38;5;124;43m'[39;49m[38;5;124;43mr[39;49m[38;5;124;43m'[39;49m[43m)[49m [38;5;28;01mas[39;00m f:
[1;32m     68[0m         [38;5;28;01mreturn[39;00m [38;5;124m'[39m[38;5;124mkeras_version[39m[38;5;124m'[39m [38;5;129;01min[39;00m f[38;5;241m.[39mattrs

File [0;32m/opt/miniconda3/envs/miniml/lib/python3.9/site-packages/h5py/_hl/files.py:562[0m, in [0;36mFile.__init__[0;34m(self, name, mode, driver, libver, userblock_size, swmr, rdcc_nslots, rdcc_nbytes, rdcc_w0, track_order, fs_strategy, fs_persist, fs_threshold, fs_page_size, page_buf_size, min_meta_keep, min_raw_keep, locking, alignment_threshold, alignment_interval, meta_block_size, **kwds)[0m
[1;32m    553[0m     fapl [38;5;241m=[39m make_fapl(driver, libver, rdcc_nslots, rdcc_nbytes, rdcc_w0,
[1;32m    554[0m                      locking, page_buf_size, min_meta_keep, min_raw_keep,
[1;32m    555[0m                      alignment_threshold[38;5;241m=[39malignment_threshold,
[1;32m    556[0m                      alignment_interval[38;5;241m=[39malignment_interval,
[1;32m    557[0m                      meta_block_size[38;5;241m=[39mmeta_block_size,
[1;32m    558[0m                      [38;5;241m*[39m[38;5;241m*[39mkwds)
[1;32m    559[0m     fcpl [38;5;241m=[39m make_fcpl(track_order[38;5;241m=[39mtrack_order, fs_strategy[38;5;241m=[39mfs_strategy,
[1;32m    560[0m                      fs_persist[38;5;241m=[39mfs_persist, fs_threshold[38;5;241m=[39mfs_threshold,
[1;32m    561[0m                      fs_page_size[38;5;241m=[39mfs_page_size)
[0;32m--> 562[0m     fid [38;5;241m=[39m [43mmake_fid[49m[43m([49m[43mname[49m[43m,[49m[43m [49m[43mmode[49m[43m,[49m[43m [49m[43muserblock_size[49m[43m,[49m[43m [49m[43mfapl[49m[43m,[49m[43m [49m[43mfcpl[49m[43m,[49m[43m [49m[43mswmr[49m[38;5;241;43m=[39;49m[43mswmr[49m[43m)[49m
[1;32m    564[0m [38;5;28;01mif[39;00m [38;5;28misinstance[39m(libver, [38;5;28mtuple[39m):
[1;32m    565[0m     [38;5;28mself[39m[38;5;241m.[39m_libver [38;5;241m=[39m libver

File [0;32m/opt/miniconda3/envs/miniml/lib/python3.9/site-packages/h5py/_hl/files.py:235[0m, in [0;36mmake_fid[0;34m(name, mode, userblock_size, fapl, fcpl, swmr)[0m
[1;32m    233[0m     [38;5;28;01mif[39;00m swmr [38;5;129;01mand[39;00m swmr_support:
[1;32m    234[0m         flags [38;5;241m|[39m[38;5;241m=[39m h5f[38;5;241m.[39mACC_SWMR_READ
[0;32m--> 235[0m     fid [38;5;241m=[39m [43mh5f[49m[38;5;241;43m.[39;49m[43mopen[49m[43m([49m[43mname[49m[43m,[49m[43m [49m[43mflags[49m[43m,[49m[43m [49m[43mfapl[49m[38;5;241;43m=[39;49m[43mfapl[49m[43m)[49m
[1;32m    236[0m [38;5;28;01melif[39;00m mode [38;5;241m==[39m [38;5;124m'[39m[38;5;124mr+[39m[38;5;124m'[39m:
[1;32m    237[0m     fid [38;5;241m=[39m h5f[38;5;241m.[39mopen(name, h5f[38;5;241m.[39mACC_RDWR, fapl[38;5;241m=[39mfapl)

File [0;32mh5py/_objects.pyx:54[0m, in [0;36mh5py._objects.with_phil.wrapper[0;34m()[0m

File [0;32mh5py/_objects.pyx:55[0m, in [0;36mh5py._objects.with_phil.wrapper[0;34m()[0m

File [0;32mh5py/h5f.pyx:102[0m, in [0;36mh5py.h5f.open[0;34m()[0m

[0;31mFileNotFoundError[0m: [Errno 2] Unable to open file (unable to open file: name = '../../models/transfer_learning/GC_mEPSP/lstm_transfer.h5', errno = 2, error message = 'No such file or directory', flags = 0, o_flags = 0)

